// Jest Snapshot v1, https://goo.gl/fbAQLP

exports[`renders correctly 1`] = `
<Chart
  className={null}
  data={
    Object {
      "datasets": Array [
        Object {
          "backgroundColor": Array [
            "#FF6384",
            "#36A2EB",
            "#FFCE56",
          ],
          "data": Array [
            300,
            50,
            300,
          ],
          "hoverBackgroundColor": Array [
            "#FF6384",
            "#36A2EB",
            "#FFCE56",
          ],
        },
      ],
      "labels": Array [
        "A",
        "B",
        "C",
      ],
    }
  }
  height={null}
  id={null}
  options={null}
  style={null}
  type="pie"
  width={null}
/>
`;
